
> Configure project :
Fabric Loom: 1.18.2

> Task :compileJava UP-TO-DATE
> Task :processResources UP-TO-DATE
> Task :classes UP-TO-DATE
> Task :generateLog4jConfig
> Task :generateRemapClasspath
> Task :generateDLIConfig
> Task :configureLaunch

> Task :runServer
[20:30:21] [main/INFO] (FabricLoader/GameProvider) Loading Minecraft 1.21.11 with Fabric Loader 0.19.5
[20:30:21] [main/INFO] (FabricLoader) Loading 5 mods:
	- expbotl 1.0.0+mc1.21.11
	- fabricloader 0.19.5
	- java 25
	- minecraft 1.21.11
	- mixinextras 0.5.5
[20:30:21] [main/INFO] (FabricLoader/Mixin) SpongePowered MIXIN Subsystem Version=0.8.7 Source=file:/home/runner/.gradle/caches/modules-2/files-2.1/net.fabricmc/sponge-mixin/0.17.4+mixin.0.8.7/5f66cc9f59b8efaa942155a3d5a30599bf6640dd/sponge-mixin-0.17.4+mixin.0.8.7.jar Service=Knot/Fabric Env=SERVER
[20:30:22] [main/INFO] (FabricLoader/Mixin) Loaded Fabric development mappings for mixin remapper!
WARNING: A restricted method in java.lang.System has been called
WARNING: java.lang.System::load has been called by com.sun.jna.Native in an unnamed module (file:/home/runner/.gradle/caches/modules-2/files-2.1/net.java.dev.jna/jna/5.17.0/33d12735bef894440780fce64f9758d420c7bae2/jna-5.17.0.jar)
WARNING: Use --enable-native-access=ALL-UNNAMED to avoid a warning for callers in this module
WARNING: Restricted methods will be blocked in a future release unless native access is enabled

WARNING: A terminally deprecated method in sun.misc.Unsafe has been called
WARNING: sun.misc.Unsafe::objectFieldOffset has been called by org.joml.MemUtil$MemUtilUnsafe (file:/home/runner/.gradle/caches/modules-2/files-2.1/org.joml/joml/1.10.8/fc0a71dad90a2cf41d82a76156a0e700af8e4f8d/joml-1.10.8.jar)
WARNING: Please consider reporting this to the maintainers of class org.joml.MemUtil$MemUtilUnsafe
WARNING: sun.misc.Unsafe::objectFieldOffset will be removed in a future release
[20:30:24] [main/INFO] (FabricLoader/MixinExtras|Service) Initializing MixinExtras via com.llamalad7.mixinextras.service.MixinExtrasServiceImpl(version=0.5.5).
[20:30:27] [main/INFO] (expbotl) [ExpBotl] Sneak + right-click a bottle o' enchanting to use the whole stack at once.
[20:30:27] [main/INFO] (expbotl) [ExpBotl] ItemStack loaded through the mixin transformer - mixin applied cleanly.
[20:30:27] [main/ERROR] (Minecraft) Failed to load properties from file: server.properties

java.nio.file.NoSuchFileException: server.properties
	at java.base/sun.nio.fs.UnixException.translateToIOException(UnixException.java:92)
	at java.base/sun.nio.fs.UnixException.rethrowAsIOException(UnixException.java:106)
	at java.base/sun.nio.fs.UnixException.rethrowAsIOException(UnixException.java:111)
	at java.base/sun.nio.fs.UnixFileSystemProvider.newFileChannel(UnixFileSystemProvider.java:213)
	at java.base/sun.nio.fs.UnixFileSystemProvider.newByteChannel(UnixFileSystemProvider.java:244)
	at java.base/java.nio.file.Files.newByteChannel(Files.java:357)
	at java.base/java.nio.file.Files.newByteChannel(Files.java:399)
	at java.base/java.nio.file.spi.FileSystemProvider.newInputStream(FileSystemProvider.java:371)
	at java.base/java.nio.file.Files.newInputStream(Files.java:154)
	at knot//net.minecraft.server.dedicated.AbstractPropertiesHandler.loadProperties(AbstractPropertiesHandler.java:39)
	at knot//net.minecraft.server.dedicated.ServerPropertiesHandler.load(ServerPropertiesHandler.java:162)
	at knot//net.minecraft.server.dedicated.ServerPropertiesLoader.<init>(ServerPropertiesLoader.java:12)
	at knot//net.minecraft.server.Main.main(Main.java:111)
	at net.fabricmc.loader.impl.game.minecraft.MinecraftGameProvider.launch(MinecraftGameProvider.java:517)
	at net.fabricmc.loader.impl.launch.knot.Knot.launch(Knot.java:72)
	at net.fabricmc.loader.impl.launch.knot.KnotServer.main(KnotServer.java:23)
	at net.fabricmc.devlaunchinjector.Main.main(Main.java:86)
[20:30:27] [main/INFO] (Minecraft) Environment: Environment[sessionHost=https://sessionserver.mojang.com, servicesHost=https://api.minecraftservices.com, profilesHost=https://api.mojang.com, name=PROD]
[20:30:28] [main/INFO] (Minecraft) No existing world data, creating new world
[20:30:29] [main/INFO] (Minecraft) Loaded 1470 recipes
[20:30:29] [main/INFO] (Minecraft) Loaded 1584 advancements
[20:30:29] [Server thread/INFO] (Minecraft) Starting minecraft server version 1.21.11
[20:30:29] [Server thread/INFO] (Minecraft) Loading properties
[20:30:29] [Server thread/INFO] (Minecraft) Default game type: SURVIVAL
[20:30:29] [Server thread/INFO] (Minecraft) Generating keypair
[20:30:30] [Server thread/INFO] (Minecraft) Starting Minecraft server on *:25565
[20:30:30] [Server thread/INFO] (Minecraft) Preparing level "world"
[20:30:30] [Server thread/INFO] (Minecraft) Selecting global world spawn...
[20:30:35] [Server thread/INFO] (Minecraft) Loading 0 persistent chunks...
[20:30:35] [Server thread/INFO] (Minecraft) Preparing spawn area: 100%
[20:30:35] [Server thread/INFO] (Minecraft) Time elapsed: 4977 ms
[20:30:35] [Server thread/INFO] (Minecraft) Done (5.281s)! For help, type "help"
